Traceback (most recent call last):
  File "/workspace/repos/recovery-aware-trajectory-selection-v55/scripts/prepare_v5_5_full_sft.py", line 740, in <module>
    main()
  File "/workspace/repos/recovery-aware-trajectory-selection-v55/scripts/prepare_v5_5_full_sft.py", line 713, in main
    result = prepare(
             ^^^^^^^^
  File "/workspace/repos/recovery-aware-trajectory-selection-v55/scripts/prepare_v5_5_full_sft.py", line 595, in prepare
    contexts = v5.load_tau2_contexts(tau2_root)
               ^^^^^^^^^^^^^^^^^^^^^^^^^^^^^^^^
  File "/workspace/repos/recovery-aware-trajectory-selection-v55/scripts/prepare_v5_sft_causal.py", line 833, in load_tau2_contexts
    from tau2.domains.airline.environment import get_environment as airline_env
  File "/workspace/repos/tau2-bench/src/tau2/__init__.py", line 13, in <module>
    import tau2.runner as runner
  File "/workspace/repos/tau2-bench/src/tau2/runner/__init__.py", line 16, in <module>
    from tau2.runner.batch import run_domain, run_single_task, run_tasks
  File "/workspace/repos/tau2-bench/src/tau2/runner/batch.py", line 27, in <module>
    from tau2.data_model.simulation import (
  File "/workspace/repos/tau2-bench/src/tau2/data_model/simulation.py", line 52, in <module>
    from tau2.data_model.audio_effects import EffectTimeline
  File "/workspace/repos/tau2-bench/src/tau2/data_model/audio_effects.py", line 8, in <module>
    from tau2.voice_config import (
  File "/workspace/repos/tau2-bench/src/tau2/voice_config.py", line 7, in <module>
    from tau2.utils.utils import DATA_DIR
  File "/workspace/repos/tau2-bench/src/tau2/utils/__init__.py", line 1, in <module>
    from .io_utils import dump_file, load_file
  File "/workspace/repos/tau2-bench/src/tau2/utils/io_utils.py", line 7, in <module>
    import toml
ModuleNotFoundError: No module named 'toml'
